VCD info: dumpfile saida.vcd opened for output.
Iniciando Testbench...
Total de linhas lidas: 20
Desempacotando linha 0: 005190573330efb0000032800000000xxxxxxxxxxxxxxxxxxxxxxxx0
=== OK  RS1[17] DADO: xxxxxxxx (EXP: xxxxxxxx)
=== OK  RS2[16] DADO: xxxxxxxx (EXP: xxxxxxxx)
=== ERRO MEM_DADO: xxxxxxxx (EXP: xxxxxxx0) addr: 00003280
Desempacotando linha 1: 10107030000000000000188668c4ca4xxxxxxxxxxxxxxxxxxxxxxxx0
=== OK  RS1[16] DADO: xxxxxxxx (EXP: xxxxxxxx)
=== OK  RS2[16] DADO: xxxxxxxx (EXP: xxxxxxxx)
=== ERRO MEM_DADO: xxxxxxxx (EXP: xxxxxxx0) addr: 00001886
Desempacotando linha 2: 01c160400000000000001dc00000000xxxxxxxxxxxxxxxxxxxxxxxx0
=== OK  RS1[1] DADO: xxxxxxxx (EXP: xxxxxxxx)
=== ERRO RS2[0] DADO: 00000000 (EXP: xxxxxxxx)
=== ERRO MEM_DADO: xxxxxxxx (EXP: xxxxxxx0) addr: 00001dc0
Desempacotando linha 3: 109061f65c2d57b000001c8172c87ffxxxxxxxxxxxxxxxxxxxxxxxx0
=== ERRO RS1[16] DADO: 00000000 (EXP: xxxxxxxx)
=== OK  RS2[1] DADO: xxxxxxxx (EXP: xxxxxxxx)
=== ERRO MEM_DADO: xxxxxxxx (EXP: xxxxxxx0) addr: 00001c81
Desempacotando linha 4: 01f000400000000000002880000000065c2d57b00000000xxxxxxxx0
=== ERRO RS1[16] DADO: 00000000 (EXP: 5c2d57b0)
=== ERRO RS2[0] DADO: 00000000 (EXP: 0000000x)
=== ERRO MEM_DADO: xxxxxxxx (EXP: xxxxxxx0) addr: 00002880
Desempacotando linha 5: 117071800000000000003187075d08axxxxxxxxxxxxxxxxxxxxxxxx0
=== ERRO RS1[16] DADO: 00000000 (EXP: xxxxxxxx)
=== OK  RS2[17] DADO: xxxxxxxx (EXP: xxxxxxxx)
=== ERRO MEM_DADO: xxxxxxxx (EXP: xxxxxxx0) addr: 00003187
Desempacotando linha 6: 10a140000000000000001244f586456xxxxxxxxxxxxxxxxxxxxxxxx0
=== OK  RS1[1] DADO: xxxxxxxx (EXP: xxxxxxxx)
=== ERRO RS2[0] DADO: 00000000 (EXP: xxxxxxxx)
=== ERRO MEM_DADO: xxxxxxxx (EXP: xxxxxxx0) addr: 00001244
Desempacotando linha 7: 001160eca53f6de000002f800000000xxxxxxxxxxxxxxxxxxxxxxxx0
=== OK  RS1[17] DADO: xxxxxxxx (EXP: xxxxxxxx)
=== ERRO RS2[0] DADO: 00000000 (EXP: xxxxxxxx)
=== ERRO MEM_DADO: xxxxxxxx (EXP: xxxxxxx0) addr: 00002f80
Desempacotando linha 8: 1050e1d59aa7545000000c07297006773330efbca53f6dexxxxxxxx0
=== ERRO RS1[16] DADO: 00000000 (EXP: 3330efbc)
=== ERRO RS2[1] DADO: xxxxxxxx (EXP: a53f6dex)
=== ERRO MEM_DADO: xxxxxxxx (EXP: xxxxxxx0) addr: 00000c07
Desempacotando linha 9: 1111819000000000000021c1bb98258xxxxxxxxxxxxxxxxxxxxxxxx0
=== OK  RS1[17] DADO: xxxxxxxx (EXP: xxxxxxxx)
=== OK  RS2[1] DADO: xxxxxxxx (EXP: xxxxxxxx)
=== ERRO MEM_DADO: xxxxxxxx (EXP: xxxxxxx0) addr: 000021c1
Desempacotando linha 10: 01e1004ab2f6bf30000009c00000000xxxxxxxxxxxxxxxxxxxxxxxx0
=== OK  RS1[1] DADO: xxxxxxxx (EXP: xxxxxxxx)
=== ERRO RS2[0] DADO: 00000000 (EXP: xxxxxxxx)
=== ERRO MEM_DADO: xxxxxxxx (EXP: xxxxxxx0) addr: 000009c0
Desempacotando linha 11: 118091900bfbf060000035cdfa34110xxxxxxxxxxxxxxxxxxxxxxxx0
=== ERRO RS1[0] DADO: 00000000 (EXP: xxxxxxxx)
=== OK  RS2[17] DADO: xxxxxxxx (EXP: xxxxxxxx)
=== ERRO MEM_DADO: xxxxxxxx (EXP: xxxxxxx0) addr: 000035cd
Desempacotando linha 12: 112141259f1dc5200000374e7abbfefxxxxxxxxxxxxxxxxxxxxxxxx0
=== OK  RS1[1] DADO: xxxxxxxx (EXP: xxxxxxxx)
=== OK  RS2[1] DADO: xxxxxxxx (EXP: xxxxxxxx)
=== ERRO MEM_DADO: xxxxxxxx (EXP: xxxxxxx0) addr: 0000374e
Desempacotando linha 13: 0011f15000000000000005c00000000xxxxxxxx65c2d57bxxxxxxxx0
=== ERRO RS1[17] DADO: xxxxxxxx (EXP: xxxxxxx6)
=== ERRO RS2[17] DADO: xxxxxxxx (EXP: 5c2d57bx)
=== ERRO MEM_DADO: xxxxxxxx (EXP: xxxxxxx0) addr: 000005c0
Desempacotando linha 14: 0130e04000000000000001800000000xxxxxxxxca53f6dexxxxxxxx0
=== ERRO RS1[16] DADO: 0bfbf060 (EXP: xxxxxxxc)
=== ERRO RS2[0] DADO: 00000000 (EXP: a53f6dex)
=== ERRO MEM_DADO: xxxxxxxx (EXP: xxxxxxx0) addr: 00000180
Desempacotando linha 15: 0091c1406ae0cee0000001800000000xxxxxxxxxxxxxxxxxxxxxxxx0
=== OK  RS1[17] DADO: xxxxxxxx (EXP: xxxxxxxx)
=== OK  RS2[1] DADO: xxxxxxxx (EXP: xxxxxxxx)
=== ERRO MEM_DADO: 0000000x (EXP: xxxxxxx0) addr: 00000180
Desempacotando linha 16: 104080c000000000000007867705f3bab2f6bf3xxxxxxxxxxxxxxxx0
=== ERRO RS1[0] DADO: 00000000 (EXP: b2f6bf3x)
=== ERRO RS2[0] DADO: 00000000 (EXP: xxxxxxxx)
=== ERRO MEM_DADO: xxxxxxxx (EXP: xxxxxxx0) addr: 00000786
Desempacotando linha 17: 107081000000000000003607c409c82xxxxxxxxxxxxxxxxxxxxxxxx0
=== ERRO RS1[16] DADO: 0bfbf060 (EXP: xxxxxxxx)
=== OK  RS2[1] DADO: xxxxxxxx (EXP: xxxxxxxx)
=== ERRO MEM_DADO: xxxxxxxx (EXP: xxxxxxx0) addr: 00003607
Desempacotando linha 18: 1141a1500000000000002884c35931a06ae0ceexxxxxxxxxxxxxxxx0
=== ERRO RS1[1] DADO: xxxxxxxx (EXP: 6ae0ceex)
=== OK  RS2[1] DADO: xxxxxxxx (EXP: xxxxxxxx)
=== ERRO MEM_DADO: xxxxxxxx (EXP: xxxxxxx0) addr: 00002884
Desempacotando linha 19: 1112171559e08dc5000002f41562dea159f1dc52xxxxxxxxxxxxxxxx
=== ERRO RS1[18] DADO: xxxxxxxx (EXP: 59f1dc52)
=== OK  RS2[23] DADO: xxxxxxxx (EXP: xxxxxxxx)
=== OK MEM_DADO: xxxxxxxx (EXP: xxxxxxxx)
Testbench finalizado com sucesso.
tb.v:201: $finish called at 1010000 (1ps)
