VCD info: dumpfile saida.vcd opened for output.
Iniciando Testbench...
Total de linhas lidas: 20
Desempacotando linha 0: 11a1c0005359f71000003c823dc5012xxxxxxxxxxxxxxxxxxxxxxxx0
=== OK  RS1[1] DADO: xxxxxxxx (EXP: xxxxxxxx)
=== ERRO RS2[0] DADO: 00000000 (EXP: xxxxxxxx)
=== ERRO MEM_DADO: xxxxxxxx (EXP: xxxxxxx0) addr: 00003c82
Desempacotando linha 1: 1120d1b0000000000000094ac4a72a3xxxxxxxxxxxxxxxxxxxxxxxx0
=== ERRO RS1[0] DADO: 00000000 (EXP: xxxxxxxx)
=== OK  RS2[17] DADO: xxxxxxxx (EXP: xxxxxxxx)
=== ERRO MEM_DADO: xxxxxxxx (EXP: xxxxxxx0) addr: 0000094a
Desempacotando linha 2: 0130f10be40e1ee0000001400000000xxxxxxxxxxxxxxxxxxxxxxxx0
=== ERRO RS1[16] DADO: 00000000 (EXP: xxxxxxxx)
=== OK  RS2[17] DADO: xxxxxxxx (EXP: xxxxxxxx)
=== ERRO MEM_DADO: xxxxxxxx (EXP: xxxxxxx0) addr: 00000140
Desempacotando linha 3: 1160f0c00000000000002b8216b0f08xxxxxxxxxxxxxxxxxxxxxxxx0
=== ERRO RS1[0] DADO: 00000000 (EXP: xxxxxxxx)
=== ERRO RS2[16] DADO: 00000000 (EXP: xxxxxxxx)
=== ERRO MEM_DADO: xxxxxxxx (EXP: xxxxxxx0) addr: 00002b82
Desempacotando linha 4: 11c17040000000000000238daf9fa46xxxxxxxxxxxxxxxxxxxxxxxx0
=== OK  RS1[1] DADO: xxxxxxxx (EXP: xxxxxxxx)
=== ERRO RS2[16] DADO: 00000000 (EXP: xxxxxxxx)
=== ERRO MEM_DADO: xxxxxxxx (EXP: xxxxxxx0) addr: 0000238d
Desempacotando linha 5: 1131d03503e1e880000033ca248934cxxxxxxxxxxxxxxxxxxxxxxxx0
=== OK  RS1[17] DADO: xxxxxxxx (EXP: xxxxxxxx)
=== ERRO RS2[16] DADO: 00000000 (EXP: xxxxxxxx)
=== ERRO MEM_DADO: xxxxxxxx (EXP: xxxxxxx0) addr: 000033ca
Desempacotando linha 6: 00a08197b8907d9000000ec00000000xxxxxxxxxxxxxxxxxxxxxxxx0
=== ERRO RS1[0] DADO: 00000000 (EXP: xxxxxxxx)
=== OK  RS2[1] DADO: xxxxxxxx (EXP: xxxxxxxx)
=== ERRO MEM_DADO: xxxxxxxx (EXP: xxxxxxx0) addr: 00000ec0
Desempacotando linha 7: 0120c0400000000000003c000000000xxxxxxxxxxxxxxxxxxxxxxxx0
=== ERRO RS1[0] DADO: 00000000 (EXP: xxxxxxxx)
=== ERRO RS2[0] DADO: 00000000 (EXP: xxxxxxxx)
=== ERRO MEM_DADO: xxxxxxxx (EXP: xxxxxxx0) addr: 00003c00
Desempacotando linha 8: 100011100000000000002081e295c6400000000xxxxxxxxxxxxxxxx0
=== ERRO RS1[0] DADO: 00000000 (EXP: 0000000x)
=== OK  RS2[17] DADO: xxxxxxxx (EXP: xxxxxxxx)
=== ERRO MEM_DADO: xxxxxxxx (EXP: xxxxxxx0) addr: 00002081
Desempacotando linha 9: 00d0d0b00000000000001c400000000xxxxxxxxxxxxxxxxxxxxxxxx0
=== ERRO RS1[16] DADO: 00000000 (EXP: xxxxxxxx)
=== ERRO RS2[16] DADO: 00000000 (EXP: xxxxxxxx)
=== ERRO MEM_DADO: xxxxxxxx (EXP: xxxxxxx0) addr: 00001c40
Desempacotando linha 10: 11f1e0b00000000000003a8fafd77a3xxxxxxxxxxxxxxxxxxxxxxxx0
=== OK  RS1[17] DADO: xxxxxxxx (EXP: xxxxxxxx)
=== ERRO RS2[0] DADO: 00000000 (EXP: xxxxxxxx)
=== ERRO MEM_DADO: xxxxxxxx (EXP: xxxxxxx0) addr: 00003a8f
Desempacotando linha 11: 1101400d451c058000002fcdc3dad5fbe40e1eexxxxxxxxxxxxxxxx0
=== ERRO RS1[1] DADO: xxxxxxxx (EXP: e40e1eex)
=== ERRO RS2[0] DADO: 00000000 (EXP: xxxxxxxx)
=== ERRO MEM_DADO: xxxxxxxx (EXP: xxxxxxx0) addr: 00002fcd
Desempacotando linha 12: 1051b0415731940000003d836158912xxxxxxxxxxxxxxxxxxxxxxxx0
=== OK  RS1[17] DADO: xxxxxxxx (EXP: xxxxxxxx)
=== ERRO RS2[16] DADO: 00000000 (EXP: xxxxxxxx)
=== ERRO MEM_DADO: xxxxxxxx (EXP: xxxxxxx0) addr: 00003d83
Desempacotando linha 13: 11b050c000000000000030cc760786axxxxxxxxxxxxxxxxxxxxxxxx0
=== ERRO RS1[16] DADO: 00000000 (EXP: xxxxxxxx)
=== ERRO RS2[16] DADO: 00000000 (EXP: xxxxxxxx)
=== ERRO MEM_DADO: xxxxxxxx (EXP: xxxxxxx0) addr: 000030cc
Desempacotando linha 14: 118050a0000000000000044d48a78ebxxxxxxxxxxxxxxxxxxxxxxxx0
=== ERRO RS1[0] DADO: 00000000 (EXP: xxxxxxxx)
=== ERRO RS2[16] DADO: 00000000 (EXP: xxxxxxxx)
=== ERRO MEM_DADO: xxxxxxxx (EXP: xxxxxxx0) addr: 0000044d
Desempacotando linha 15: 10d140794be25fe00000334000300a0xxxxxxxxxxxxxxxxxxxxxxxx0
=== OK  RS1[17] DADO: xxxxxxxx (EXP: xxxxxxxx)
=== ERRO RS2[0] DADO: 00000000 (EXP: xxxxxxxx)
=== ERRO MEM_DADO: xxxxxxxx (EXP: xxxxxxx0) addr: 00003340
Desempacotando linha 16: 000001272e10c48000002a0000000000000000000000000xxxxxxxx0
=== OK  RS1[0] DADO: 00000000 (EXP: 00000000)
=== ERRO RS2[1] DADO: 57319400 (EXP: 0000000x)
=== ERRO MEM_DADO: xxxxxxxx (EXP: xxxxxxx0) addr: 00002a00
Desempacotando linha 17: 018171e0b2edf430000034800000000xxxxxxxxxxxxxxxxxxxxxxxx0
=== ERRO RS1[1] DADO: 57319400 (EXP: xxxxxxxx)
=== OK  RS2[17] DADO: xxxxxxxx (EXP: xxxxxxxx)
=== ERRO MEM_DADO: xxxxxxxx (EXP: xxxxxxx0) addr: 00003480
Desempacotando linha 18: 1051f1f0000000000000254bb8b65f1xxxxxxxxxxxxxxxxxxxxxxxx0
=== OK  RS1[17] DADO: xxxxxxxx (EXP: xxxxxxxx)
=== OK  RS2[17] DADO: xxxxxxxx (EXP: xxxxxxxx)
=== ERRO MEM_DADO: xxxxxxxx (EXP: xxxxxxx0) addr: 0000254b
Desempacotando linha 19: 00171f1e00000000000000d800000000xxxxxxxxxxxxxxxxxxxxxxxx
=== OK  RS1[23] DADO: xxxxxxxx (EXP: xxxxxxxx)
=== OK  RS2[31] DADO: xxxxxxxx (EXP: xxxxxxxx)
=== OK MEM_DADO: xxxxxxxx (EXP: xxxxxxxx)
Testbench finalizado com sucesso.
tb.v:201: $finish called at 1010000 (1ps)
