VCD info: dumpfile saida.vcd opened for output.
Iniciando Testbench...
Total de linhas lidas: 20
Desempacotando linha 0: 11f1f1500000000000000ccc9e1b5fbxxxxxxxxxxxxxxxxxxxxxxxx0
=== OK  RS1[17] DADO: xxxxxxxx (EXP: xxxxxxxx)
=== OK  RS2[17] DADO: xxxxxxxx (EXP: xxxxxxxx)
=== ERRO MEM_DADO: xxxxxxxx (EXP: xxxxxxx0) addr: 00000ccc
Desempacotando linha 1: 01c071e14ee74160000027c00000000xxxxxxxxxxxxxxxxxxxxxxxx0
=== ERRO RS1[0] DADO: 00000000 (EXP: xxxxxxxx)
=== OK  RS2[17] DADO: xxxxxxxx (EXP: xxxxxxxx)
=== ERRO MEM_DADO: xxxxxxxx (EXP: xxxxxxx0) addr: 000027c0
Desempacotando linha 2: 0031c0fbbeee0e60000008c00000000xxxxxxxxxxxxxxxxxxxxxxxx0
=== OK  RS1[17] DADO: xxxxxxxx (EXP: xxxxxxxx)
=== ERRO RS2[0] DADO: 00000000 (EXP: xxxxxxxx)
=== ERRO MEM_DADO: xxxxxxxx (EXP: xxxxxxx0) addr: 000008c0
Desempacotando linha 3: 00a0d1700000000000000d800000000xxxxxxxxxxxxxxxxxxxxxxxx0
=== ERRO RS1[0] DADO: 00000000 (EXP: xxxxxxxx)
=== OK  RS2[17] DADO: xxxxxxxx (EXP: xxxxxxxx)
=== ERRO MEM_DADO: xxxxxxxx (EXP: xxxxxxx0) addr: 00000d80
Desempacotando linha 4: 104151f18bfdb2f0000038c3fea095bxxxxxxxxxxxxxxxxxxxxxxxx0
=== OK  RS1[1] DADO: xxxxxxxx (EXP: xxxxxxxx)
=== OK  RS2[17] DADO: xxxxxxxx (EXP: xxxxxxxx)
=== ERRO MEM_DADO: xxxxxxxx (EXP: xxxxxxx0) addr: 000038c3
Desempacotando linha 5: 10e0115c39a8bad00000308ab87393bxxxxxxxxxxxxxxxxxxxxxxxx0
=== ERRO RS1[0] DADO: 00000000 (EXP: xxxxxxxx)
=== ERRO RS2[17] DADO: 8bfdb2f0 (EXP: xxxxxxxx)
=== ERRO MEM_DADO: xxxxxxxx (EXP: xxxxxxx0) addr: 0000308a
Desempacotando linha 6: 0070904000000000000038400000000xxxxxxxxxxxxxxxxxxxxxxxx0
=== ERRO RS1[16] DADO: 00000000 (EXP: xxxxxxxx)
=== ERRO RS2[16] DADO: 00000000 (EXP: xxxxxxxx)
=== ERRO MEM_DADO: xxxxxxxx (EXP: xxxxxxx0) addr: 00003840
Desempacotando linha 7: 10713060000000000000064f400db8fxxxxxxxxxxxxxxxxxxxxxxxx0
=== ERRO RS1[17] DADO: 8bfdb2f0 (EXP: xxxxxxxx)
=== ERRO RS2[16] DADO: 00000000 (EXP: xxxxxxxx)
=== ERRO MEM_DADO: xxxxxxxx (EXP: xxxxxxx0) addr: 0000064f
Desempacotando linha 8: 103151361f4c2e90000032497f33913xxxxxxxxc39a8badxxxxxxxx0
=== ERRO RS1[17] DADO: 8bfdb2f0 (EXP: xxxxxxxc)
=== ERRO RS2[17] DADO: 8bfdb2f0 (EXP: 39a8badx)
=== ERRO MEM_DADO: xxxxxxxx (EXP: xxxxxxx0) addr: 00003249
Desempacotando linha 9: 00e030b000000000000037000000000xxxxxxxxxxxxxxxxxxxxxxxx0
=== ERRO RS1[0] DADO: 00000000 (EXP: xxxxxxxx)
=== ERRO RS2[16] DADO: 00000000 (EXP: xxxxxxxx)
=== ERRO MEM_DADO: xxxxxxxx (EXP: xxxxxxx0) addr: 00003700
Desempacotando linha 10: 1140608000000000000011839e2d214xxxxxxxxxxxxxxxxxxxxxxxx0
=== ERRO RS1[0] DADO: 00000000 (EXP: xxxxxxxx)
=== ERRO RS2[0] DADO: 00000000 (EXP: xxxxxxxx)
=== ERRO MEM_DADO: xxxxxxxx (EXP: xxxxxxx0) addr: 00001183
Desempacotando linha 11: 11d1e18000000000000010cb65561f0xxxxxxxx14ee7416xxxxxxxx0
=== ERRO RS1[17] DADO: 8bfdb2f0 (EXP: xxxxxxx1)
=== ERRO RS2[1] DADO: xxxxxxxx (EXP: 4ee7416x)
=== ERRO MEM_DADO: xxxxxxxx (EXP: xxxxxxx0) addr: 000010cb
Desempacotando linha 12: 10718130000000000000084b9e696abxxxxxxxxxxxxxxxxxxxxxxxx0
=== ERRO RS1[17] DADO: 8bfdb2f0 (EXP: xxxxxxxx)
=== OK  RS2[1] DADO: xxxxxxxx (EXP: xxxxxxxx)
=== ERRO MEM_DADO: xxxxxxxx (EXP: xxxxxxx0) addr: 0000084b
Desempacotando linha 13: 1151315000000000000031c5cd11096c39a8bad61f4c2e9xxxxxxxx0
=== ERRO RS1[17] DADO: 8bfdb2f0 (EXP: 39a8bad6)
=== ERRO RS2[17] DADO: 8bfdb2f0 (EXP: 1f4c2e9x)
=== ERRO MEM_DADO: xxxxxxxx (EXP: xxxxxxx0) addr: 000031c5
Desempacotando linha 14: 001100e000000000000016c00000000xxxxxxxxxxxxxxxxxxxxxxxx0
=== ERRO RS1[17] DADO: 8bfdb2f0 (EXP: xxxxxxxx)
=== ERRO RS2[0] DADO: 00000000 (EXP: xxxxxxxx)
=== ERRO MEM_DADO: xxxxxxxx (EXP: xxxxxxx0) addr: 000016c0
Desempacotando linha 15: 10c0c14000000000000019490e4755exxxxxxxxxxxxxxxxxxxxxxxx0
=== ERRO RS1[0] DADO: 00000000 (EXP: xxxxxxxx)
=== OK  RS2[1] DADO: xxxxxxxx (EXP: xxxxxxxx)
=== ERRO MEM_DADO: xxxxxxxx (EXP: xxxxxxx0) addr: 00001949
Desempacotando linha 16: 000141fbcaab1f5000003940000000000000000xxxxxxxxxxxxxxxx0
=== ERRO RS1[1] DADO: xxxxxxxx (EXP: 0000000x)
=== OK  RS2[1] DADO: xxxxxxxx (EXP: xxxxxxxx)
=== ERRO MEM_DADO: xxxxxxxx (EXP: xxxxxxx0) addr: 00003940
Desempacotando linha 17: 0111c113207c4440000007000000000xxxxxxxxxxxxxxxxxxxxxxxx0
=== ERRO RS1[17] DADO: 8bfdb2f0 (EXP: xxxxxxxx)
=== OK  RS2[1] DADO: xxxxxxxx (EXP: xxxxxxxx)
=== ERRO MEM_DADO: xxxxxxxx (EXP: xxxxxxx0) addr: 00000700
Desempacotando linha 18: 01b1e04000000000000004c00000000xxxxxxxx14ee7416xxxxxxxx0
=== ERRO RS1[17] DADO: 8bfdb2f0 (EXP: xxxxxxx1)
=== ERRO RS2[0] DADO: 00000000 (EXP: 4ee7416x)
=== ERRO MEM_DADO: xxxxxxxx (EXP: xxxxxxx0) addr: 000004c0
Desempacotando linha 19: 110a181459967ed50000038cbb5594d8xxxxxxxxxxxxxxxx3fea095b
=== OK  RS1[10] DADO: xxxxxxxx (EXP: xxxxxxxx)
=== OK  RS2[24] DADO: xxxxxxxx (EXP: xxxxxxxx)
=== ERRO MEM_DADO: xxxxxxxx (EXP: 3fea095b) addr: 0000038c
Testbench finalizado com sucesso.
tb.v:201: $finish called at 1010000 (1ps)
