VCD info: dumpfile saida.vcd opened for output.
Iniciando Testbench...
Total de linhas lidas: 20
Desempacotando linha 0: 10f101600000000000002e00a3284dfxxxxxxxxxxxxxxxxxxxxxxxx0
=== OK  RS1[17] DADO: xxxxxxxx (EXP: xxxxxxxx)
=== OK  RS2[1] DADO: xxxxxxxx (EXP: xxxxxxxx)
=== ERRO MEM_DADO: xxxxxxxx (EXP: xxxxxxx0) addr: 00002e00
Desempacotando linha 1: 1100904bc7bed7c00000270437ad04dxxxxxxxxxxxxxxxxxxxxxxxx0
=== ERRO RS1[0] DADO: 00000000 (EXP: xxxxxxxx)
=== OK  RS2[16] DADO: xxxxxxxx (EXP: xxxxxxxx)
=== ERRO MEM_DADO: xxxxxxxx (EXP: xxxxxxx0) addr: 00002704
Desempacotando linha 2: 0050c0100000000000001a800000000xxxxxxxxxxxxxxxxxxxxxxxx0
=== OK  RS1[16] DADO: xxxxxxxx (EXP: xxxxxxxx)
=== ERRO RS2[0] DADO: 00000000 (EXP: xxxxxxxx)
=== ERRO MEM_DADO: xxxxxxxx (EXP: xxxxxxx0) addr: 00001a80
Desempacotando linha 3: 003110a000000000000016800000000xxxxxxxxxxxxxxxxxxxxxxxx0
=== OK  RS1[17] DADO: xxxxxxxx (EXP: xxxxxxxx)
=== OK  RS2[16] DADO: xxxxxxxx (EXP: xxxxxxxx)
=== ERRO MEM_DADO: xxxxxxxx (EXP: xxxxxxx0) addr: 00001680
Desempacotando linha 4: 1021100b91a1968000002047e2ab56bxxxxxxxxxxxxxxxxxxxxxxxx0
=== OK  RS1[1] DADO: xxxxxxxx (EXP: xxxxxxxx)
=== OK  RS2[16] DADO: xxxxxxxx (EXP: xxxxxxxx)
=== ERRO MEM_DADO: xxxxxxxx (EXP: xxxxxxx0) addr: 00002047
Desempacotando linha 5: 003170400000000000000fc00000000xxxxxxxxxxxxxxxxxxxxxxxx0
=== OK  RS1[17] DADO: xxxxxxxx (EXP: xxxxxxxx)
=== OK  RS2[16] DADO: xxxxxxxx (EXP: xxxxxxxx)
=== ERRO MEM_DADO: xxxxxxxx (EXP: xxxxxxx0) addr: 00000fc0
Desempacotando linha 6: 11709130000000000000058ed046b4axxxxxxxxxxxxxxxxxxxxxxxx0
=== OK  RS1[16] DADO: xxxxxxxx (EXP: xxxxxxxx)
=== OK  RS2[17] DADO: xxxxxxxx (EXP: xxxxxxxx)
=== ERRO MEM_DADO: xxxxxxxx (EXP: xxxxxxx0) addr: 0000058e
Desempacotando linha 7: 019041595e63ecb000002e400000000xxxxxxxxbc7bed7cxxxxxxxx0
=== ERRO RS1[16] DADO: 00000000 (EXP: xxxxxxxb)
=== ERRO RS2[1] DADO: xxxxxxxx (EXP: c7bed7cx)
=== ERRO MEM_DADO: xxxxxxxx (EXP: xxxxxxx0) addr: 00002e40
Desempacotando linha 8: 013140d654330f10000023800000000xxxxxxxxxxxxxxxxxxxxxxxx0
=== OK  RS1[17] DADO: xxxxxxxx (EXP: xxxxxxxx)
=== ERRO RS2[0] DADO: 00000000 (EXP: xxxxxxxx)
=== ERRO MEM_DADO: xxxxxxxx (EXP: xxxxxxx0) addr: 00002380
Desempacotando linha 9: 0081f1c000000000000013000000000xxxxxxxxxxxxxxxxxxxxxxxx0
=== OK  RS1[1] DADO: xxxxxxxx (EXP: xxxxxxxx)
=== OK  RS2[17] DADO: xxxxxxxx (EXP: xxxxxxxx)
=== ERRO MEM_DADO: xxxxxxxx (EXP: xxxxxxx0) addr: 00001300
Desempacotando linha 10: 00f050f9915bd65000002d400000000xxxxxxxxxxxxxxxxxxxxxxxx0
=== ERRO RS1[16] DADO: 00000000 (EXP: xxxxxxxx)
=== ERRO RS2[16] DADO: 00000000 (EXP: xxxxxxxx)
=== ERRO MEM_DADO: xxxxxxxx (EXP: xxxxxxx0) addr: 00002d40
Desempacotando linha 11: 1100a1700000000000002d873b76507xxxxxxxxxxxxxxxxxxxxxxxx0
=== ERRO RS1[0] DADO: 00000000 (EXP: xxxxxxxx)
=== OK  RS2[1] DADO: xxxxxxxx (EXP: xxxxxxxx)
=== ERRO MEM_DADO: xxxxxxxx (EXP: xxxxxxx0) addr: 00002d87
Desempacotando linha 12: 1011e144f588cce000000fc7486e9dfxxxxxxxxxxxxxxxxxxxxxxxx0
=== OK  RS1[17] DADO: xxxxxxxx (EXP: xxxxxxxx)
=== OK  RS2[1] DADO: xxxxxxxx (EXP: xxxxxxxx)
=== ERRO MEM_DADO: xxxxxxxx (EXP: xxxxxxx0) addr: 00000fc7
Desempacotando linha 13: 00e1c0c000000000000021000000000xxxxxxxxxxxxxxxxxxxxxxxx0
=== OK  RS1[1] DADO: xxxxxxxx (EXP: xxxxxxxx)
=== ERRO RS2[0] DADO: 00000000 (EXP: xxxxxxxx)
=== ERRO MEM_DADO: xxxxxxxx (EXP: xxxxxxx0) addr: 00002100
Desempacotando linha 14: 1080a17000000000000005c62ffcb51xxxxxxxxxxxxxxxxxxxxxxxx0
=== ERRO RS1[0] DADO: 00000000 (EXP: xxxxxxxx)
=== OK  RS2[1] DADO: xxxxxxxx (EXP: xxxxxxxx)
=== ERRO MEM_DADO: xxxxxxxx (EXP: xxxxxxx0) addr: 000005c6
Desempacotando linha 15: 0030e0245b899750000015800000000xxxxxxxxxxxxxxxxxxxxxxxx0
=== ERRO RS1[16] DADO: 00000000 (EXP: xxxxxxxx)
=== ERRO RS2[0] DADO: 00000000 (EXP: xxxxxxxx)
=== ERRO MEM_DADO: xxxxxxxx (EXP: xxxxxxx0) addr: 00001580
Desempacotando linha 16: 11f0c0a00000000000000d8df73a0f3xxxxxxxxxxxxxxxxxxxxxxxx0
=== ERRO RS1[16] DADO: 00000000 (EXP: xxxxxxxx)
=== ERRO RS2[0] DADO: 00000000 (EXP: xxxxxxxx)
=== ERRO MEM_DADO: xxxxxxxx (EXP: xxxxxxx0) addr: 00000d8d
Desempacotando linha 17: 1130800000000000000037055217239xxxxxxxxxxxxxxxxxxxxxxxx0
=== ERRO RS1[16] DADO: 00000000 (EXP: xxxxxxxx)
=== ERRO RS2[0] DADO: 00000000 (EXP: xxxxxxxx)
=== ERRO MEM_DADO: xxxxxxxx (EXP: xxxxxxx0) addr: 00003705
Desempacotando linha 18: 10a050b6b118821000000603885f339xxxxxxxxxxxxxxxxxxxxxxxx0
=== ERRO RS1[0] DADO: 00000000 (EXP: xxxxxxxx)
=== ERRO RS2[16] DADO: 00000000 (EXP: xxxxxxxx)
=== ERRO MEM_DADO: xxxxxxxx (EXP: xxxxxxx0) addr: 00000603
Desempacotando linha 19: 0101111e00000000000001243602be1dxxxxxxxxxxxxxxxxxxxxxxxx
=== OK  RS1[1] DADO: xxxxxxxx (EXP: xxxxxxxx)
=== OK  RS2[17] DADO: xxxxxxxx (EXP: xxxxxxxx)
=== OK MEM_DADO: xxxxxxxx (EXP: xxxxxxxx)
Testbench finalizado com sucesso.
tb.v:201: $finish called at 1010000 (1ps)
